Microsoft Windows [Version 10.0.26100.3775]
(c) Microsoft Corporation. All rights reserved.

D:\All Projects\Assesment>heroku login
 »   Warning: heroku update available from 10.0.0 to 10.6.1.
heroku: Press any key to open up the browser to login or q to exit:
Opening browser to https://cli-auth.heroku.com/auth/cli/browser/fbddcc01-d551-4a06-b5d3-dc3ffae7cdc4?requestor=SFMyNTY.g2gDbQAAAAwxMDMuNzIuNzIuODduBgA4dAJ9lgFiAAFRgA.-ACu1etw0aUsMEWFhCQu_xGB3PpW9vHGyNbcGqkx1kc
Logging in... done
Logged in as akshayrathod8179@gmail.com

D:\All Projects\Assesment>heroku create word-similarity-app
 »   Warning: heroku update available from 10.0.0 to 10.6.1.
Creating ⬢ word-similarity-app... done
https://word-similarity-app-472424e382b4.herokuapp.com/ | https://git.heroku.com/word-similarity-app.git

D:\All Projects\Assesment>git add .

D:\All Projects\Assesment>git commit -m "Initial commit"
On branch master
nothing to commit, working tree clean

D:\All Projects\Assesment>git push heroku master
Enumerating objects: 8, done.
Counting objects: 100% (8/8), done.
Delta compression using up to 15 threads
Compressing objects: 100% (6/6), done.
Writing objects: 100% (6/6), 934 bytes | 467.00 KiB/s, done.
Total 6 (delta 3), reused 0 (delta 0), pack-reused 0 (from 0)
remote: Updated 13 paths from 553d5c3
remote: Compressing source files... done.
remote: Building source:
remote:
remote: -----> Building on the Heroku-24 stack
remote: -----> Using buildpack: heroku/python
remote: -----> Python app detected
remote: -----> Using Python 3.13.1 specified in runtime.txt
remote:
remote:  !     Warning: The runtime.txt file is deprecated.
remote:  !
remote:  !     The runtime.txt file is deprecated since it has been replaced
remote:  !     by the more widely supported .python-version file:
remote:  !     https://devcenter.heroku.com/changelog-items/3141
remote:  !
remote:  !     Please delete your runtime.txt file and create a new file named:
remote:  !     .python-version
remote:  !
remote: ^[[1;33m !     Make sure to include the '.' at the start of the filename.
remote:  !
remote:  !     In the new file, specify your app's Python version without
remote:  !     quotes or a 'python-' prefix. For example:
remote:  !     3.13
remote: ^[[1;33m !
remote:  !     We strongly recommend that you use the major version form
remote:  !     instead of pinning to an exact version, since it will allow
remote:  !     your app to receive Python security updates.
remote:  !
remote: ^[[1;33m !     In the future support for runtime.txt will be removed and
remote:  !     this warning will be made an error.
remote:
remote:
remote: ^[[1;33m !     Warning: A Python patch update is available!
remote:  !
remote:  !     Your app is using Python 3.13.1, however, there is a newer
remote:  !     patch release of Python 3.13 available: 3.13.3
remote:  !
remote:  !     It is important to always use the latest patch version of
remote:  !     Python to keep your app secure.
remote:  !     ^[[0m
remote:  !     Update your runtime.txt file to use the new version.
remote:  !
remote:  !     We strongly recommend that you do not pin your app to an
remote:  !     exact Python version such as 3.13.1, and instead only specify
remote:  !     the major Python version of 3.13 in your runtime.txt file.
remote:  !     This will allow your app to receive the latest available Python
remote:  !     patch version automatically and prevent this warning.
remote:
remote: -----> Discarding cache since:
remote:        - The contents of requirements.txt changed
remote: -----> Installing Python 3.13.1
remote: -----> Installing pip 25.0.1
remote: -----> Installing dependencies using 'pip install -r requirements.txt'
remote:        Collecting certifi==2025.4.26 (from -r requirements.txt (line 1))
remote:          Downloading certifi-2025.4.26-py3-none-any.whl.metadata (2.5 kB)
remote:        Collecting charset-normalizer==3.4.1 (from -r requirements.txt (line 2))
remote:          Downloading charset_normalizer-3.4.1-cp313-cp313-manylinux_2_17_x86_64.manylinux2014_x86_64.whl.metadata (35 kB)
remote:        Collecting colorama==0.4.6 (from -r requirements.txt (line 3))
remote:          Downloading colorama-0.4.6-py2.py3-none-any.whl.metadata (17 kB)
remote:        Collecting filelock==3.18.0 (from -r requirements.txt (line 4))
remote:          Downloading filelock-3.18.0-py3-none-any.whl.metadata (2.9 kB)
remote:        Collecting fsspec==2025.3.2 (from -r requirements.txt (line 5))
remote:          Downloading fsspec-2025.3.2-py3-none-any.whl.metadata (11 kB)
remote:        Collecting gunicorn==23.0.0 (from -r requirements.txt (line 6))
remote:          Downloading gunicorn-23.0.0-py3-none-any.whl.metadata (4.4 kB)
remote:        Collecting huggingface-hub==0.30.2 (from -r requirements.txt (line 7))
remote:          Downloading huggingface_hub-0.30.2-py3-none-any.whl.metadata (13 kB)
remote:        Collecting idna==3.10 (from -r requirements.txt (line 8))
remote:          Downloading idna-3.10-py3-none-any.whl.metadata (10 kB)
remote:        Collecting Jinja2==3.1.6 (from -r requirements.txt (line 9))
remote:          Downloading jinja2-3.1.6-py3-none-any.whl.metadata (2.9 kB)
remote:        Collecting joblib==1.4.2 (from -r requirements.txt (line 10))
remote:          Downloading joblib-1.4.2-py3-none-any.whl.metadata (5.4 kB)
remote:        Collecting MarkupSafe==3.0.2 (from -r requirements.txt (line 11))
remote:          Downloading MarkupSafe-3.0.2-cp313-cp313-manylinux_2_17_x86_64.manylinux2014_x86_64.whl.metadata (4.0 kB)
remote:        Collecting mpmath==1.3.0 (from -r requirements.txt (line 12))
remote:          Downloading mpmath-1.3.0-py3-none-any.whl.metadata (8.6 kB)
remote:        Collecting networkx==3.4.2 (from -r requirements.txt (line 13))
remote:          Downloading networkx-3.4.2-py3-none-any.whl.metadata (6.3 kB)
remote:        Collecting numpy==2.2.5 (from -r requirements.txt (line 14))
remote:          Downloading numpy-2.2.5-cp313-cp313-manylinux_2_17_x86_64.manylinux2014_x86_64.whl.metadata (62 kB)
remote:        Collecting packaging==25.0 (from -r requirements.txt (line 15))
remote:          Downloading packaging-25.0-py3-none-any.whl.metadata (3.3 kB)
remote:        Collecting pillow==11.2.1 (from -r requirements.txt (line 16))
remote:          Downloading pillow-11.2.1-cp313-cp313-manylinux_2_28_x86_64.whl.metadata (8.9 kB)
remote:        Collecting PyYAML==6.0.2 (from -r requirements.txt (line 17))
remote:          Downloading PyYAML-6.0.2-cp313-cp313-manylinux_2_17_x86_64.manylinux2014_x86_64.whl.metadata (2.1 kB)
remote:        Collecting regex==2024.11.6 (from -r requirements.txt (line 18))
remote:          Downloading regex-2024.11.6-cp313-cp313-manylinux_2_17_x86_64.manylinux2014_x86_64.whl.metadata (40 kB
remote:        Collecting requests==2.32.3 (from -r requirements.txt (line 19))
remote:          Downloading requests-2.32.3-py3-none-any.whl.metadata (4.6 kB)
remote:        Collecting safetensors==0.5.3 (from -r requirements.txt (line 20))
remote:          Downloading safetensors-0.5.3-cp38-abi3-manylinux_2_17_x86_64.manylinux2014_x86_64.whl.metadata (3.8 kB)
remote:        Collecting scikit-learn==1.6.1 (from -r requirements.txt (line 21))
remote:          Downloading scikit_learn-1.6.1-cp313-cp313-manylinux_2_17_x86_64.manylinux2014_x86_64.whl.metadata (18 kB)
remote:        Collecting scipy==1.15.2 (from -r requirements.txt (line 22))
remote:          Downloading scipy-1.15.2-cp313-cp313-manylinux_2_17_x86_64.manylinux2014_x86_64.whl.metadata (61 kB)
remote:        Collecting sentence-transformers==4.1.0 (from -r requirements.txt (line 24))
remote:          Downloading sentence_transformers-4.1.0-py3-none-any.whl.metadata (13 kB)
remote:        Collecting sympy==1.14.0 (from -r requirements.txt (line 25))
remote:          Downloading sympy-1.14.0-py3-none-any.whl.metadata (12 kB)
remote:        Collecting threadpoolctl==3.6.0 (from -r requirements.txt (line 26))
remote:          Downloading threadpoolctl-3.6.0-py3-none-any.whl.metadata (13 kB)
remote:        Collecting tokenizers==0.21.1 (from -r requirements.txt (line 27))
remote:          Downloading tokenizers-0.21.1-cp39-abi3-manylinux_2_17_x86_64.manylinux2014_x86_64.whl.metadata (6.8 kB)
remote:        Collecting torch==2.7.0 (from -r requirements.txt (line 28))
remote:          Downloading torch-2.7.0-cp313-cp313-manylinux_2_28_x86_64.whl.metadata (29 kB)
remote:        Collecting tqdm==4.67.1 (from -r requirements.txt (line 29))
remote:          Downloading tqdm-4.67.1-py3-none-any.whl.metadata (57 kB)
remote:        Collecting transformers==4.51.3 (from -r requirements.txt (line 30))
remote:          Downloading transformers-4.51.3-py3-none-any.whl.metadata (38 kB)
remote:        Collecting typing_extensions==4.13.2 (from -r requirements.txt (line 31))
remote:          Downloading typing_extensions-4.13.2-py3-none-any.whl.metadata (3.0 kB)
remote:        Collecting urllib3==2.4.0 (from -r requirements.txt (line 32))
remote:          Downloading urllib3-2.4.0-py3-none-any.whl.metadata (6.5 kB)
remote:        Collecting setuptools (from torch==2.7.0->-r requirements.txt (line 28))
remote:          Downloading setuptools-80.0.0-py3-none-any.whl.metadata (6.5 kB)
remote:        Collecting nvidia-cuda-nvrtc-cu12==12.6.77 (from torch==2.7.0->-r requirements.txt (line 28))
remote:          Downloading nvidia_cuda_nvrtc_cu12-12.6.77-py3-none-manylinux2014_x86_64.whl.metadata (1.5 kB)
remote:        Collecting nvidia-cuda-runtime-cu12==12.6.77 (from torch==2.7.0->-r requirements.txt (line 28))
remote:          Downloading nvidia_cuda_runtime_cu12-12.6.77-py3-none-manylinux2014_x86_64.manylinux_2_17_x86_64.whl.metadata (1.5 kB)
remote:        Collecting nvidia-cuda-cupti-cu12==12.6.80 (from torch==2.7.0->-r requirements.txt (line 28))
remote:          Downloading nvidia_cuda_cupti_cu12-12.6.80-py3-none-manylinux2014_x86_64.manylinux_2_17_x86_64.whl.metadata (1.6 kB)
remote:        Collecting nvidia-cudnn-cu12==9.5.1.17 (from torch==2.7.0->-r requirements.txt (line 28))
remote:          Downloading nvidia_cudnn_cu12-9.5.1.17-py3-none-manylinux_2_28_x86_64.whl.metadata (1.6 kB)
remote:        Collecting nvidia-cublas-cu12==12.6.4.1 (from torch==2.7.0->-r requirements.txt (line 28))
remote:          Downloading nvidia_cublas_cu12-12.6.4.1-py3-none-manylinux2014_x86_64.manylinux_2_17_x86_64.whl.metadata (1.5 kB)
remote:        Collecting nvidia-cufft-cu12==11.3.0.4 (from torch==2.7.0->-r requirements.txt (line 28))
remote:          Downloading nvidia_cufft_cu12-11.3.0.4-py3-none-manylinux2014_x86_64.manylinux_2_17_x86_64.whl.metadata (1.5 kB)
remote:        Collecting nvidia-curand-cu12==10.3.7.77 (from torch==2.7.0->-r requirements.txt (line 28))
remote:          Downloading nvidia_curand_cu12-10.3.7.77-py3-none-manylinux2014_x86_64.manylinux_2_17_x86_64.whl.metadata (1.5 kB)
remote:        Collecting nvidia-cusolver-cu12==11.7.1.2 (from torch==2.7.0->-r requirements.txt (line 28))
remote:          Downloading nvidia_cusolver_cu12-11.7.1.2-py3-none-manylinux2014_x86_64.manylinux_2_17_x86_64.whl.metadata (1.6 kB)
remote:        Collecting nvidia-cusparse-cu12==12.5.4.2 (from torch==2.7.0->-r requirements.txt (line 28))
remote:          Downloading nvidia_cusparse_cu12-12.5.4.2-py3-none-manylinux2014_x86_64.manylinux_2_17_x86_64.whl.metadata (1.6 kB)
remote:        Collecting nvidia-cusparselt-cu12==0.6.3 (from torch==2.7.0->-r requirements.txt (line 28))
remote:          Downloading nvidia_cusparselt_cu12-0.6.3-py3-none-manylinux2014_x86_64.whl.metadata (6.8 kB)
remote:        Collecting nvidia-nccl-cu12==2.26.2 (from torch==2.7.0->-r requirements.txt (line 28))
remote:          Downloading nvidia_nccl_cu12-2.26.2-py3-none-manylinux2014_x86_64.manylinux_2_17_x86_64.whl.metadata (2.0 kB)
remote:        Collecting nvidia-nvtx-cu12==12.6.77 (from torch==2.7.0->-r requirements.txt (line 28))
remote:          Downloading nvidia_nvtx_cu12-12.6.77-py3-none-manylinux2014_x86_64.manylinux_2_17_x86_64.whl.metadata (1.6 kB)
remote:        Collecting nvidia-nvjitlink-cu12==12.6.85 (from torch==2.7.0->-r requirements.txt (line 28))
remote:          Downloading nvidia_nvjitlink_cu12-12.6.85-py3-none-manylinux2010_x86_64.manylinux_2_12_x86_64.whl.metadata (1.5 kB)
remote:        Collecting nvidia-cufile-cu12==1.11.1.6 (from torch==2.7.0->-r requirements.txt (line 28))
remote:          Downloading nvidia_cufile_cu12-1.11.1.6-py3-none-manylinux2014_x86_64.manylinux_2_17_x86_64.whl.metadata (1.5 kB)
remote:        Collecting triton==3.3.0 (from torch==2.7.0->-r requirements.txt (line 28))
remote:          Downloading triton-3.3.0-cp313-cp313-manylinux_2_27_x86_64.manylinux_2_28_x86_64.whl.metadata (1.5 kB)
remote:        Downloading certifi-2025.4.26-py3-none-any.whl (159 kB)
remote:        Downloading charset_normalizer-3.4.1-cp313-cp313-manylinux_2_17_x86_64.manylinux2014_x86_64.whl (144 kB)
remote:        Downloading colorama-0.4.6-py2.py3-none-any.whl (25 kB)
remote:        Downloading filelock-3.18.0-py3-none-any.whl (16 kB)
remote:        Downloading fsspec-2025.3.2-py3-none-any.whl (194 kB)
remote:        Downloading gunicorn-23.0.0-py3-none-any.whl (85 kB)
remote:        Downloading huggingface_hub-0.30.2-py3-none-any.whl (481 kB)
remote:        Downloading idna-3.10-py3-none-any.whl (70 kB)
remote:        Downloading jinja2-3.1.6-py3-none-any.whl (134 kB)
remote:        Downloading joblib-1.4.2-py3-none-any.whl (301 kB)
remote:        Downloading MarkupSafe-3.0.2-cp313-cp313-manylinux_2_17_x86_64.manylinux2014_x86_64.whl (23 kB)
remote:        Downloading mpmath-1.3.0-py3-none-any.whl (536 kB)
remote:        Downloading networkx-3.4.2-py3-none-any.whl (1.7 MB)
remote:        Downloading numpy-2.2.5-cp313-cp313-manylinux_2_17_x86_64.manylinux2014_x86_64.whl (16.1 MB)
remote:        Downloading packaging-25.0-py3-none-any.whl (66 kB)
remote:        Downloading pillow-11.2.1-cp313-cp313-manylinux_2_28_x86_64.whl (4.6 MB)
remote:        Downloading PyYAML-6.0.2-cp313-cp313-manylinux_2_17_x86_64.manylinux2014_x86_64.whl (759 kB)
remote:        Downloading regex-2024.11.6-cp313-cp313-manylinux_2_17_x86_64.manylinux2014_x86_64.whl (796 kB)
remote:        Downloading requests-2.32.3-py3-none-any.whl (64 kB)
remote:        Downloading safetensors-0.5.3-cp38-abi3-manylinux_2_17_x86_64.manylinux2014_x86_64.whl (471 kB)
remote:        Downloading scikit_learn-1.6.1-cp313-cp313-manylinux_2_17_x86_64.manylinux2014_x86_64.whl (13.2 MB)
remote:        Downloading scipy-1.15.2-cp313-cp313-manylinux_2_17_x86_64.manylinux2014_x86_64.whl (37.3 MB)
remote:        Downloading sentence_transformers-4.1.0-py3-none-any.whl (345 kB)
remote:        Downloading sympy-1.14.0-py3-none-any.whl (6.3 MB)
remote:        Downloading threadpoolctl-3.6.0-py3-none-any.whl (18 kB)
remote:        Downloading tokenizers-0.21.1-cp39-abi3-manylinux_2_17_x86_64.manylinux2014_x86_64.whl (3.0 MB)
remote:        Downloading torch-2.7.0-cp313-cp313-manylinux_2_28_x86_64.whl (865.0 MB)
remote:        Downloading tqdm-4.67.1-py3-none-any.whl (78 kB)
remote:        Downloading transformers-4.51.3-py3-none-any.whl (10.4 MB)
remote:        Downloading typing_extensions-4.13.2-py3-none-any.whl (45 kB)
remote:        Downloading urllib3-2.4.0-py3-none-any.whl (128 kB)
remote:        Downloading nvidia_cublas_cu12-12.6.4.1-py3-none-manylinux2014_x86_64.manylinux_2_17_x86_64.whl (393.1 MB)
remote:        Downloading nvidia_cuda_cupti_cu12-12.6.80-py3-none-manylinux2014_x86_64.manylinux_2_17_x86_64.whl (8.9 MB)
remote:        Downloading nvidia_cuda_nvrtc_cu12-12.6.77-py3-none-manylinux2014_x86_64.whl (23.7 MB)
remote:        Downloading nvidia_cuda_runtime_cu12-12.6.77-py3-none-manylinux2014_x86_64.manylinux_2_17_x86_64.whl (897 kB)
remote:        Downloading nvidia_cudnn_cu12-9.5.1.17-py3-none-manylinux_2_28_x86_64.whl (571.0 MB)
remote:        Downloading nvidia_cufft_cu12-11.3.0.4-py3-none-manylinux2014_x86_64.manylinux_2_17_x86_64.whl (200.2 MB
remote:        Downloading nvidia_cufile_cu12-1.11.1.6-py3-none-manylinux2014_x86_64.manylinux_2_17_x86_64.whl (1.1 MB)
remote:        Downloading nvidia_curand_cu12-10.3.7.77-py3-none-manylinux2014_x86_64.manylinux_2_17_x86_64.whl (56.3 MB)
remote:        Downloading nvidia_cusolver_cu12-11.7.1.2-py3-none-manylinux2014_x86_64.manylinux_2_17_x86_64.whl (158.2 MB)
remote:        Downloading nvidia_cusparse_cu12-12.5.4.2-py3-none-manylinux2014_x86_64.manylinux_2_17_x86_64.whl (216.6 MB)
remote:        Downloading nvidia_cusparselt_cu12-0.6.3-py3-none-manylinux2014_x86_64.whl (156.8 MB)
remote:        Downloading nvidia_nccl_cu12-2.26.2-py3-none-manylinux2014_x86_64.manylinux_2_17_x86_64.whl (201.3 MB)
remote:        Downloading nvidia_nvjitlink_cu12-12.6.85-py3-none-manylinux2010_x86_64.manylinux_2_12_x86_64.whl (19.7 MB)
remote:        Downloading nvidia_nvtx_cu12-12.6.77-py3-none-manylinux2014_x86_64.manylinux_2_17_x86_64.whl (89 kB)
remote:        Downloading triton-3.3.0-cp313-cp313-manylinux_2_27_x86_64.manylinux_2_28_x86_64.whl (156.5 MB)
remote:        Downloading setuptools-80.0.0-py3-none-any.whl (1.2 MB)
remote:        Installing collected packages: nvidia-cusparselt-cu12, mpmath, urllib3, typing_extensions, tqdm, threadpoolctl, sympy, setuptools, safetensors, regex, PyYAML, pillow, packaging, nvidia-nvtx-cu12, nvidia-nvjitlink-cu12, nvidia-nccl-cu12, nvidia-curand-cu12, nvidia-cufile-cu12, nvidia-cuda-runtime-cu12, nvidia-cuda-nvrtc-cu12, nvidia-cuda-cupti-cu12, nvidia-cublas-cu12, numpy, networkx, MarkupSafe, joblib, idna, fsspec, filelock, colorama, charset-normalizer, certifi, triton, scipy, requests, nvidia-cusparse-cu12, nvidia-cufft-cu12, nvidia-cudnn-cu12, Jinja2, gunicorn, scikit-learn, nvidia-cusolver-cu12, huggingface-hub, torch, tokenizers, transformers, sentence-transformers
remote:        Successfully installed Jinja2-3.1.6 MarkupSafe-3.0.2 PyYAML-6.0.2 certifi-2025.4.26 charset-normalizer-3.4.1 colorama-0.4.6 filelock-3.18.0 fsspec-2025.3.2 gunicorn-23.0.0 huggingface-hub-0.30.2 idna-3.10 joblib-1.4.2 mpmath-1.3.0 networkx-3.4.2 numpy-2.2.5 nvidia-cublas-cu12-12.6.4.1 nvidia-cuda-cupti-cu12-12.6.80 nvidia-cuda-nvrtc-cu12-12.6.77 nvidia-cuda-runtime-cu12-12.6.77 nvidia-cudnn-cu12-9.5.1.17 nvidia-cufft-cu12-11.3.0.4 nvidia-cufile-cu12-1.11.1.6 nvidia-curand-cu12-10.3.7.77 nvidia-cusolver-cu12-11.7.1.2 nvidia-cusparse-cu12-12.5.4.2 nvidia-cusparselt-cu12-0.6.3 nvidia-nccl-cu12-2.26.2 nvidia-nvjitlink-cu12-12.6.85 nvidia-nvtx-cu12-12.6.77 packaging-25.0 pillow-11.2.1 regex-2024.11.6 requests-2.32.3 safetensors-0.5.3 scikit-learn-1.6.1 scipy-1.15.2 sentence-transformers-4.1.0 setuptools-80.0.0 sympy-1.14.0 threadpoolctl-3.6.0 tokenizers-0.21.1 torch-2.7.0 tqdm-4.67.1 transformers-4.51.3 triton-3.3.0 typing_extensions-4.13.2 urllib3-2.4.0
remote: -----> Discovering process types
remote:        Procfile declares types -> web
remote:
remote: -----> Compressing...
remote:  !     Compiled slug size: 3G is too large (max is 500M).
remote:  !     See: http://devcenter.heroku.com/articles/slug-size
remote:
remote:  !     Push failed
remote:  !
remote:  ! ## Warning - The same version of this code has already been built: e13f3f9f55eb63eb4dd3346a6712a3e013cc150d
remote:  !
remote:  ! We have detected that you have triggered a build from source code with version e13f3f9f55eb63eb4dd3346a6712a3e013cc150d
remote:  ! at least twice. One common cause of this behavior is attempting to deploy code from a different branch.
remote:  !
remote:  ! If you are developing on a branch and deploying via git you must run:
remote:  !
remote:  !     git push heroku <branchname>:main
remote:  !
remote:  ! This article goes into details on the behavior:
remote:  !   https://devcenter.heroku.com/articles/duplicate-build-version
remote:
remote: Verifying deploy...
remote:
remote: !       Push rejected to similarity-api-akshay8087.
remote:
To https://git.heroku.com/similarity-api-akshay8087.git
 ! [remote rejected] master -> master (pre-receive hook declined)
error: failed to push some refs to 'https://git.heroku.com/similarity-api-akshay8087.git'

D:\All Projects\Assesment>web: gunicorn app:app
'web:' is not recognized as an internal or external command,
operable program or batch file.

D:\All Projects\Assesment>pip install gunicorn
Requirement already satisfied: gunicorn in c:\users\sajan\appdata\local\programs\python\python310\lib\site-packages (23.0.0)
Requirement already satisfied: packaging in c:\users\sajan\appdata\local\programs\python\python310\lib\site-packages (from gunicorn) (25.0)

D:\All Projects\Assesment>git rm -r --cached .
rm '.DS_Store'
rm 'Data Scientist_DataNeuron.pdf'
rm 'DataNeuron_Text_Similarity.csv'
rm 'DataNeuron_Text_Similarity_With_Scores.csv'
rm 'Procfile'
rm 'Screenshot 2025-04-28 194648.png'
rm 'Screenshot 2025-04-28 194728.png'
rm 'Screenshot 2025-04-28 195447.png'
rm 'Screenshot 2025-04-28 195524.png'
rm 'app.py'
rm 'requirements.txt'
rm 'runtime.txt'
rm 'similarity_calculation.py'

D:\All Projects\Assesment>git add
Nothing specified, nothing added.
hint: Maybe you wanted to say 'git add .'?
hint: Disable this message with "git config set advice.addEmptyPathspec false"

D:\All Projects\Assesment>git commit -m "optimize dependencies for Heroku"
[master 7da961a] optimize dependencies for Heroku
 13 files changed, 6245 deletions(-)
 delete mode 100644 .DS_Store
 delete mode 100644 Data Scientist_DataNeuron.pdf
 delete mode 100644 DataNeuron_Text_Similarity.csv
 delete mode 100644 DataNeuron_Text_Similarity_With_Scores.csv
 delete mode 100644 Procfile
 delete mode 100644 Screenshot 2025-04-28 194648.png
 delete mode 100644 Screenshot 2025-04-28 194728.png
 delete mode 100644 Screenshot 2025-04-28 195447.png
 delete mode 100644 Screenshot 2025-04-28 195524.png
 delete mode 100644 app.py
 delete mode 100644 requirements.txt
 delete mode 100644 runtime.txt
 delete mode 100644 similarity_calculation.py

D:\All Projects\Assesment>git push heroku master
Enumerating objects: 10, done.
Counting objects: 100% (10/10), done.
Delta compression using up to 15 threads
Compressing objects: 100% (7/7), done.
Writing objects: 100% (8/8), 1.11 KiB | 378.00 KiB/s, done.
Total 8 (delta 3), reused 0 (delta 0), pack-reused 0 (from 0)
remote: error: pathspec '.' did not match any file(s) known to git
remote:
remote: !       Heroku Git error, please try again shortly.
remote: !       See http://status.heroku.com for current Heroku platform status.
remote: !       If the problem persists, please open a ticket
remote: !       on https://help.heroku.com/tickets/new
remote: !       and provide the Request ID 98198dfb-1d5f-4222-a7fe-b358776afd3b
remote:
To https://git.heroku.com/similarity-api-akshay8087.git
 ! [remote rejected] master -> master (pre-receive hook declined)
error: failed to push some refs to 'https://git.heroku.com/similarity-api-akshay8087.git'

D:\All Projects\Assesment>git add Procfile requirements.txt runtime.txt app.py

D:\All Projects\Assesment>git commit -m "Optimize for Heroku deployment"
[master 91e6f9c] Optimize for Heroku deployment
 4 files changed, 146 insertions(+)
 create mode 100644 Procfile
 create mode 100644 app.py
 create mode 100644 requirements.txt
 create mode 100644 runtime.txt

D:\All Projects\Assesment>git push heroku master
Enumerating objects: 13, done.
Counting objects: 100% (13/13), done.
Delta compression using up to 15 threads
Compressing objects: 100% (10/10), done.
Writing objects: 100% (11/11), 1.40 KiB | 476.00 KiB/s, done.
Total 11 (delta 5), reused 0 (delta 0), pack-reused 0 (from 0)
remote: Updated 4 paths from 03a9ff5
remote: Compressing source files... done.
remote: Building source:
remote:
remote: -----> Building on the Heroku-24 stack
remote: -----> Using buildpack: heroku/python
remote: -----> Python app detected
remote: -----> Using Python 3.13.1 specified in runtime.txt
remote:
remote:  !     Warning: The runtime.txt file is deprecated.
remote:  !
remote:  !     The runtime.txt file is deprecated since it has been replaced
remote:  !     by the more widely supported .python-version file:
remote:  !     https://devcenter.heroku.com/changelog-items/3141
remote:  !
remote:  !     Please delete your runtime.txt file and create a new file named:
remote:  !     .python-version
remote:  !
remote: ^[[1;33m !     Make sure to include the '.' at the start of the filename.
remote:  !
remote:  !     In the new file, specify your app's Python version without
remote:  !     quotes or a 'python-' prefix. For example:
remote:  !     3.13
remote: ^[[1;33m !
remote:  !     We strongly recommend that you use the major version form
remote:  !     instead of pinning to an exact version, since it will allow
remote:  !     your app to receive Python security updates.
remote:  !
remote: ^[[1;33m !     In the future support for runtime.txt will be removed and
remote:  !     this warning will be made an error.
remote:
remote:
remote: ^[[1;33m !     Warning: A Python patch update is available!
remote:  !
remote:  !     Your app is using Python 3.13.1, however, there is a newer
remote:  !     patch release of Python 3.13 available: 3.13.3
remote:  !
remote:  !     It is important to always use the latest patch version of
remote:  !     Python to keep your app secure.
remote:  !     ^[[0m
remote:  !     Update your runtime.txt file to use the new version.
remote:  !
remote:  !     We strongly recommend that you do not pin your app to an
remote:  !     exact Python version such as 3.13.1, and instead only specify
remote:  !     the major Python version of 3.13 in your runtime.txt file.
remote:  !     This will allow your app to receive the latest available Python
remote:  !     patch version automatically and prevent this warning.
remote:
remote: -----> Discarding cache since:
remote:        - The contents of requirements.txt changed
remote: -----> Installing Python 3.13.1
remote: -----> Installing pip 25.0.1
remote: -----> Installing dependencies using 'pip install -r requirements.txt'
remote:        Collecting certifi==2025.4.26 (from -r requirements.txt (line 1))
remote:          Downloading certifi-2025.4.26-py3-none-any.whl.metadata (2.5 kB)
remote:        Collecting charset-normalizer==3.4.1 (from -r requirements.txt (line 2))
remote:          Downloading charset_normalizer-3.4.1-cp313-cp313-manylinux_2_17_x86_64.manylinux2014_x86_64.whl.metadata (35 kB)
remote:        Collecting colorama==0.4.6 (from -r requirements.txt (line 3))
remote:          Downloading colorama-0.4.6-py2.py3-none-any.whl.metadata (17 kB)
remote:        Collecting filelock==3.18.0 (from -r requirements.txt (line 4))
remote:          Downloading filelock-3.18.0-py3-none-any.whl.metadata (2.9 kB)
remote:        Collecting fsspec==2025.3.2 (from -r requirements.txt (line 5))
remote:          Downloading fsspec-2025.3.2-py3-none-any.whl.metadata (11 kB)
remote:        Collecting gunicorn==23.0.0 (from -r requirements.txt (line 6))
remote:          Downloading gunicorn-23.0.0-py3-none-any.whl.metadata (4.4 kB)
remote:        Collecting huggingface-hub==0.30.2 (from -r requirements.txt (line 7))
remote:          Downloading huggingface_hub-0.30.2-py3-none-any.whl.metadata (13 kB)
remote:        Collecting idna==3.10 (from -r requirements.txt (line 8))
remote:          Downloading idna-3.10-py3-none-any.whl.metadata (10 kB)
remote:        Collecting Jinja2==3.1.6 (from -r requirements.txt (line 9))
remote:          Downloading jinja2-3.1.6-py3-none-any.whl.metadata (2.9 kB)
remote:        Collecting joblib==1.4.2 (from -r requirements.txt (line 10))
remote:          Downloading joblib-1.4.2-py3-none-any.whl.metadata (5.4 kB)
remote:        Collecting MarkupSafe==3.0.2 (from -r requirements.txt (line 11))
remote:          Downloading MarkupSafe-3.0.2-cp313-cp313-manylinux_2_17_x86_64.manylinux2014_x86_64.whl.metadata (4.0 kB)
remote:        Collecting mpmath==1.3.0 (from -r requirements.txt (line 12))
remote:          Downloading mpmath-1.3.0-py3-none-any.whl.metadata (8.6 kB)
remote:        Collecting networkx==3.4.2 (from -r requirements.txt (line 13))
remote:          Downloading networkx-3.4.2-py3-none-any.whl.metadata (6.3 kB)
remote:        Collecting numpy==2.2.5 (from -r requirements.txt (line 14))
remote:          Downloading numpy-2.2.5-cp313-cp313-manylinux_2_17_x86_64.manylinux2014_x86_64.whl.metadata (62 kB)
remote:        Collecting packaging==25.0 (from -r requirements.txt (line 15))
remote:          Downloading packaging-25.0-py3-none-any.whl.metadata (3.3 kB)
remote:        Collecting pillow==11.2.1 (from -r requirements.txt (line 16))
remote:          Downloading pillow-11.2.1-cp313-cp313-manylinux_2_28_x86_64.whl.metadata (8.9 kB)
remote:        Collecting PyYAML==6.0.2 (from -r requirements.txt (line 17))
remote:          Downloading PyYAML-6.0.2-cp313-cp313-manylinux_2_17_x86_64.manylinux2014_x86_64.whl.metadata (2.1 kB)
remote:        Collecting regex==2024.11.6 (from -r requirements.txt (line 18))
remote:          Downloading regex-2024.11.6-cp313-cp313-manylinux_2_17_x86_64.manylinux2014_x86_64.whl.metadata (40 kB
remote:        Collecting requests==2.32.3 (from -r requirements.txt (line 19))
remote:          Downloading requests-2.32.3-py3-none-any.whl.metadata (4.6 kB)
remote:        Collecting safetensors==0.5.3 (from -r requirements.txt (line 20))
remote:          Downloading safetensors-0.5.3-cp38-abi3-manylinux_2_17_x86_64.manylinux2014_x86_64.whl.metadata (3.8 kB)
remote:        Collecting scikit-learn==1.6.1 (from -r requirements.txt (line 21))
remote:          Downloading scikit_learn-1.6.1-cp313-cp313-manylinux_2_17_x86_64.manylinux2014_x86_64.whl.metadata (18 kB)
remote:        Collecting scipy==1.15.2 (from -r requirements.txt (line 22))
remote:          Downloading scipy-1.15.2-cp313-cp313-manylinux_2_17_x86_64.manylinux2014_x86_64.whl.metadata (61 kB)
remote:        Collecting sentence-transformers==4.1.0 (from -r requirements.txt (line 23))
remote:          Downloading sentence_transformers-4.1.0-py3-none-any.whl.metadata (13 kB)
remote:        Collecting sympy==1.14.0 (from -r requirements.txt (line 24))
remote:          Downloading sympy-1.14.0-py3-none-any.whl.metadata (12 kB)
remote:        Collecting threadpoolctl==3.6.0 (from -r requirements.txt (line 25))
remote:          Downloading threadpoolctl-3.6.0-py3-none-any.whl.metadata (13 kB)
remote:        Collecting tokenizers==0.21.1 (from -r requirements.txt (line 26))
remote:          Downloading tokenizers-0.21.1-cp39-abi3-manylinux_2_17_x86_64.manylinux2014_x86_64.whl.metadata (6.8 kB)
remote:        ERROR: Could not find a version that satisfies the requirement torch==2.7.0+cpu (from versions: 2.5.0, 2.5.1, 2.6.0, 2.7.0)
remote:        ERROR: No matching distribution found for torch==2.7.0+cpu
remote:
remote:  !     Error: Unable to install dependencies using pip.
remote:  !
remote:  !     See the log output above for more information.
remote:
remote:  !     Push rejected, failed to compile Python app.
remote:
remote:  !     Push failed
remote: Verifying deploy...
remote:
remote: !       Push rejected to similarity-api-akshay8087.
remote:
To https://git.heroku.com/similarity-api-akshay8087.git
 ! [remote rejected] master -> master (pre-receive hook declined)
error: failed to push some refs to 'https://git.heroku.com/similarity-api-akshay8087.git'

D:\All Projects\Assesment>git add requirements.txt runtime.txt app.py Procfile

D:\All Projects\Assesment>git commit -m "Use smaller model and optimize dependencies"
[master e92ae52] Use smaller model and optimize dependencies
 1 file changed, 5 insertions(+), 31 deletions(-)

D:\All Projects\Assesment>git push heroku master
Enumerating objects: 16, done.
Counting objects: 100% (16/16), done.
Delta compression using up to 15 threads
Compressing objects: 100% (13/13), done.
Writing objects: 100% (14/14), 1.74 KiB | 356.00 KiB/s, done.
Total 14 (delta 6), reused 0 (delta 0), pack-reused 0 (from 0)
remote: Updated 4 paths from e594737
remote: Compressing source files... done.
remote: Building source:
remote: Waiting on build...
remote:
remote: -----> Building on the Heroku-24 stack
remote: -----> Using buildpack: heroku/python
remote: -----> Python app detected
remote: -----> Using Python 3.13.1 specified in runtime.txt
remote:
remote:  !     Warning: The runtime.txt file is deprecated.
remote:  !
remote:  !     The runtime.txt file is deprecated since it has been replaced
remote:  !     by the more widely supported .python-version file:
remote:  !     https://devcenter.heroku.com/changelog-items/3141
remote:  !
remote:  !     Please delete your runtime.txt file and create a new file named:
remote:  !     .python-version
remote:  !
remote: ^[[1;33m !     Make sure to include the '.' at the start of the filename.
remote:  !
remote:  !     In the new file, specify your app's Python version without
remote:  !     quotes or a 'python-' prefix. For example:
remote:  !     3.13
remote: ^[[1;33m !
remote:  !     We strongly recommend that you use the major version form
remote:  !     instead of pinning to an exact version, since it will allow
remote:  !     your app to receive Python security updates.
remote:  !
remote: ^[[1;33m !     In the future support for runtime.txt will be removed and
remote:  !     this warning will be made an error.
remote:
remote:
remote:  !     Warning: A Python patch update is available!
remote:  !
remote:  !     Your app is using Python 3.13.1, however, there is a newer
remote:  !     patch release of Python 3.13 available: 3.13.3
remote:  !
remote:  !     It is important to always use the latest patch version of
remote:  !     Python to keep your app secure.
remote:  !
remote:  !     Update your runtime.txt file to use the new version.
remote:  !
remote:  !     We strongly recommend that you do not pin your app to an
remote:  !     exact Python version such as 3.13.1, and instead only specify
remote: ^[[1;33m !     the major Python version of 3.13 in your runtime.txt file.
remote:  !     This will allow your app to receive the latest available Python
remote:  !     patch version automatically and prevent this warning.
remote:
remote: -----> Discarding cache since:
remote:        - The contents of requirements.txt changed
remote: -----> Installing Python 3.13.1
remote: -----> Installing pip 25.0.1
remote: -----> Installing dependencies using 'pip install -r requirements.txt'
remote:        Collecting flask>=2.0.1 (from -r requirements.txt (line 1))
remote:          Downloading flask-3.1.0-py3-none-any.whl.metadata (2.7 kB)
remote:        Collecting gunicorn>=20.0.0 (from -r requirements.txt (line 2))
remote:          Downloading gunicorn-23.0.0-py3-none-any.whl.metadata (4.4 kB)
remote:        Collecting sentence-transformers>=4.0.0 (from -r requirements.txt (line 3))
remote:          Downloading sentence_transformers-4.1.0-py3-none-any.whl.metadata (13 kB)
remote:        Collecting scikit-learn>=1.0.0 (from -r requirements.txt (line 4))
remote:          Downloading scikit_learn-1.6.1-cp313-cp313-manylinux_2_17_x86_64.manylinux2014_x86_64.whl.metadata (18 kB)
remote:        Collecting numpy>=1.20.0 (from -r requirements.txt (line 5))
remote:          Downloading numpy-2.2.5-cp313-cp313-manylinux_2_17_x86_64.manylinux2014_x86_64.whl.metadata (62 kB)
remote:        Collecting Werkzeug>=3.1 (from flask>=2.0.1->-r requirements.txt (line 1))
remote:          Downloading werkzeug-3.1.3-py3-none-any.whl.metadata (3.7 kB)
remote:        Collecting Jinja2>=3.1.2 (from flask>=2.0.1->-r requirements.txt (line 1))
remote:          Downloading jinja2-3.1.6-py3-none-any.whl.metadata (2.9 kB)
remote:        Collecting itsdangerous>=2.2 (from flask>=2.0.1->-r requirements.txt (line 1))
remote:          Downloading itsdangerous-2.2.0-py3-none-any.whl.metadata (1.9 kB)
remote:        Collecting click>=8.1.3 (from flask>=2.0.1->-r requirements.txt (line 1))
remote:          Downloading click-8.1.8-py3-none-any.whl.metadata (2.3 kB)
remote:        Collecting blinker>=1.9 (from flask>=2.0.1->-r requirements.txt (line 1))
remote:          Downloading blinker-1.9.0-py3-none-any.whl.metadata (1.6 kB)
remote:        Collecting packaging (from gunicorn>=20.0.0->-r requirements.txt (line 2))
remote:          Downloading packaging-25.0-py3-none-any.whl.metadata (3.3 kB)
remote:        Collecting transformers<5.0.0,>=4.41.0 (from sentence-transformers>=4.0.0->-r requirements.txt (line 3))
remote:          Downloading transformers-4.51.3-py3-none-any.whl.metadata (38 kB)
remote:        Collecting tqdm (from sentence-transformers>=4.0.0->-r requirements.txt (line 3))
remote:          Downloading tqdm-4.67.1-py3-none-any.whl.metadata (57 kB)
remote:        Collecting torch>=1.11.0 (from sentence-transformers>=4.0.0->-r requirements.txt (line 3))
remote:          Downloading torch-2.7.0-cp313-cp313-manylinux_2_28_x86_64.whl.metadata (29 kB)
remote:        Collecting scipy (from sentence-transformers>=4.0.0->-r requirements.txt (line 3))
remote:          Downloading scipy-1.15.2-cp313-cp313-manylinux_2_17_x86_64.manylinux2014_x86_64.whl.metadata (61 kB)
remote:        Collecting huggingface-hub>=0.20.0 (from sentence-transformers>=4.0.0->-r requirements.txt (line 3))
remote:          Downloading huggingface_hub-0.30.2-py3-none-any.whl.metadata (13 kB)
remote:        Collecting Pillow (from sentence-transformers>=4.0.0->-r requirements.txt (line 3))
remote:          Downloading pillow-11.2.1-cp313-cp313-manylinux_2_28_x86_64.whl.metadata (8.9 kB)
remote:        Collecting typing_extensions>=4.5.0 (from sentence-transformers>=4.0.0->-r requirements.txt (line 3))
remote:          Downloading typing_extensions-4.13.2-py3-none-any.whl.metadata (3.0 kB)
remote:        Collecting joblib>=1.2.0 (from scikit-learn>=1.0.0->-r requirements.txt (line 4))
remote:          Downloading joblib-1.4.2-py3-none-any.whl.metadata (5.4 kB)
remote:        Collecting threadpoolctl>=3.1.0 (from scikit-learn>=1.0.0->-r requirements.txt (line 4))
remote:          Downloading threadpoolctl-3.6.0-py3-none-any.whl.metadata (13 kB)
remote:        Collecting filelock (from huggingface-hub>=0.20.0->sentence-transformers>=4.0.0->-r requirements.txt (line 3))
remote:          Downloading filelock-3.18.0-py3-none-any.whl.metadata (2.9 kB)
remote:        Collecting fsspec>=2023.5.0 (from huggingface-hub>=0.20.0->sentence-transformers>=4.0.0->-r requirements.txt (line 3))
remote:          Downloading fsspec-2025.3.2-py3-none-any.whl.metadata (11 kB)
remote:        Collecting pyyaml>=5.1 (from huggingface-hub>=0.20.0->sentence-transformers>=4.0.0->-r requirements.txt (line 3))
remote:          Downloading PyYAML-6.0.2-cp313-cp313-manylinux_2_17_x86_64.manylinux2014_x86_64.whl.metadata (2.1 kB)
remote:        Collecting requests (from huggingface-hub>=0.20.0->sentence-transformers>=4.0.0->-r requirements.txt (line 3))
remote:          Downloading requests-2.32.3-py3-none-any.whl.metadata (4.6 kB)
remote:        Collecting MarkupSafe>=2.0 (from Jinja2>=3.1.2->flask>=2.0.1->-r requirements.txt (line 1))
remote:          Downloading MarkupSafe-3.0.2-cp313-cp313-manylinux_2_17_x86_64.manylinux2014_x86_64.whl.metadata (4.0 kB)
remote:        Collecting setuptools (from torch>=1.11.0->sentence-transformers>=4.0.0->-r requirements.txt (line 3))
remote:          Downloading setuptools-80.0.0-py3-none-any.whl.metadata (6.5 kB)
remote:        Collecting sympy>=1.13.3 (from torch>=1.11.0->sentence-transformers>=4.0.0->-r requirements.txt (line 3)
remote:          Downloading sympy-1.14.0-py3-none-any.whl.metadata (12 kB)
remote:        Collecting networkx (from torch>=1.11.0->sentence-transformers>=4.0.0->-r requirements.txt (line 3))
remote:          Downloading networkx-3.4.2-py3-none-any.whl.metadata (6.3 kB)
remote:        Collecting nvidia-cuda-nvrtc-cu12==12.6.77 (from torch>=1.11.0->sentence-transformers>=4.0.0->-r requirements.txt (line 3))
remote:          Downloading nvidia_cuda_nvrtc_cu12-12.6.77-py3-none-manylinux2014_x86_64.whl.metadata (1.5 kB)
remote:        Collecting nvidia-cuda-runtime-cu12==12.6.77 (from torch>=1.11.0->sentence-transformers>=4.0.0->-r requirements.txt (line 3))
remote:          Downloading nvidia_cuda_runtime_cu12-12.6.77-py3-none-manylinux2014_x86_64.manylinux_2_17_x86_64.whl.metadata (1.5 kB)
remote:        Collecting nvidia-cuda-cupti-cu12==12.6.80 (from torch>=1.11.0->sentence-transformers>=4.0.0->-r requirements.txt (line 3))
remote:          Downloading nvidia_cuda_cupti_cu12-12.6.80-py3-none-manylinux2014_x86_64.manylinux_2_17_x86_64.whl.metadata (1.6 kB)
remote:        Collecting nvidia-cudnn-cu12==9.5.1.17 (from torch>=1.11.0->sentence-transformers>=4.0.0->-r requirements.txt (line 3))
remote:          Downloading nvidia_cudnn_cu12-9.5.1.17-py3-none-manylinux_2_28_x86_64.whl.metadata (1.6 kB)
remote:        Collecting nvidia-cublas-cu12==12.6.4.1 (from torch>=1.11.0->sentence-transformers>=4.0.0->-r requirements.txt (line 3))
remote:          Downloading nvidia_cublas_cu12-12.6.4.1-py3-none-manylinux2014_x86_64.manylinux_2_17_x86_64.whl.metadata (1.5 kB)
remote:        Collecting nvidia-cufft-cu12==11.3.0.4 (from torch>=1.11.0->sentence-transformers>=4.0.0->-r requirements.txt (line 3))
remote:          Downloading nvidia_cufft_cu12-11.3.0.4-py3-none-manylinux2014_x86_64.manylinux_2_17_x86_64.whl.metadata (1.5 kB)
remote:        Collecting nvidia-curand-cu12==10.3.7.77 (from torch>=1.11.0->sentence-transformers>=4.0.0->-r requirements.txt (line 3))
remote:          Downloading nvidia_curand_cu12-10.3.7.77-py3-none-manylinux2014_x86_64.manylinux_2_17_x86_64.whl.metadata (1.5 kB)
remote:        Collecting nvidia-cusolver-cu12==11.7.1.2 (from torch>=1.11.0->sentence-transformers>=4.0.0->-r requirements.txt (line 3))
remote:          Downloading nvidia_cusolver_cu12-11.7.1.2-py3-none-manylinux2014_x86_64.manylinux_2_17_x86_64.whl.metadata (1.6 kB)
remote:        Collecting nvidia-cusparse-cu12==12.5.4.2 (from torch>=1.11.0->sentence-transformers>=4.0.0->-r requirements.txt (line 3))
remote:          Downloading nvidia_cusparse_cu12-12.5.4.2-py3-none-manylinux2014_x86_64.manylinux_2_17_x86_64.whl.metadata (1.6 kB)
remote:        Collecting nvidia-cusparselt-cu12==0.6.3 (from torch>=1.11.0->sentence-transformers>=4.0.0->-r requirements.txt (line 3))
remote:          Downloading nvidia_cusparselt_cu12-0.6.3-py3-none-manylinux2014_x86_64.whl.metadata (6.8 kB)
remote:        Collecting nvidia-nccl-cu12==2.26.2 (from torch>=1.11.0->sentence-transformers>=4.0.0->-r requirements.txt (line 3))
remote:          Downloading nvidia_nccl_cu12-2.26.2-py3-none-manylinux2014_x86_64.manylinux_2_17_x86_64.whl.metadata (2.0 kB)
remote:        Collecting nvidia-nvtx-cu12==12.6.77 (from torch>=1.11.0->sentence-transformers>=4.0.0->-r requirements.txt (line 3))
remote:          Downloading nvidia_nvtx_cu12-12.6.77-py3-none-manylinux2014_x86_64.manylinux_2_17_x86_64.whl.metadata (1.6 kB)
remote:        Collecting nvidia-nvjitlink-cu12==12.6.85 (from torch>=1.11.0->sentence-transformers>=4.0.0->-r requirements.txt (line 3))
remote:          Downloading nvidia_nvjitlink_cu12-12.6.85-py3-none-manylinux2010_x86_64.manylinux_2_12_x86_64.whl.metadata (1.5 kB)
remote:        Collecting nvidia-cufile-cu12==1.11.1.6 (from torch>=1.11.0->sentence-transformers>=4.0.0->-r requirements.txt (line 3))
remote:          Downloading nvidia_cufile_cu12-1.11.1.6-py3-none-manylinux2014_x86_64.manylinux_2_17_x86_64.whl.metadata (1.5 kB)
remote:        Collecting triton==3.3.0 (from torch>=1.11.0->sentence-transformers>=4.0.0->-r requirements.txt (line 3)
remote:          Downloading triton-3.3.0-cp313-cp313-manylinux_2_27_x86_64.manylinux_2_28_x86_64.whl.metadata (1.5 kB)
remote:        Collecting regex!=2019.12.17 (from transformers<5.0.0,>=4.41.0->sentence-transformers>=4.0.0->-r requirements.txt (line 3))
remote:          Downloading regex-2024.11.6-cp313-cp313-manylinux_2_17_x86_64.manylinux2014_x86_64.whl.metadata (40 kB
remote:        Collecting tokenizers<0.22,>=0.21 (from transformers<5.0.0,>=4.41.0->sentence-transformers>=4.0.0->-r requirements.txt (line 3))
remote:          Downloading tokenizers-0.21.1-cp39-abi3-manylinux_2_17_x86_64.manylinux2014_x86_64.whl.metadata (6.8 kB)
remote:        Collecting safetensors>=0.4.3 (from transformers<5.0.0,>=4.41.0->sentence-transformers>=4.0.0->-r requirements.txt (line 3))
remote:          Downloading safetensors-0.5.3-cp38-abi3-manylinux_2_17_x86_64.manylinux2014_x86_64.whl.metadata (3.8 kB)
remote:        Collecting mpmath<1.4,>=1.1.0 (from sympy>=1.13.3->torch>=1.11.0->sentence-transformers>=4.0.0->-r requirements.txt (line 3))
remote:          Downloading mpmath-1.3.0-py3-none-any.whl.metadata (8.6 kB)
remote:        Collecting charset-normalizer<4,>=2 (from requests->huggingface-hub>=0.20.0->sentence-transformers>=4.0.0->-r requirements.txt (line 3))
remote:          Downloading charset_normalizer-3.4.1-cp313-cp313-manylinux_2_17_x86_64.manylinux2014_x86_64.whl.metadata (35 kB)
remote:        Collecting idna<4,>=2.5 (from requests->huggingface-hub>=0.20.0->sentence-transformers>=4.0.0->-r requirements.txt (line 3))
remote:          Downloading idna-3.10-py3-none-any.whl.metadata (10 kB)
remote:        Collecting urllib3<3,>=1.21.1 (from requests->huggingface-hub>=0.20.0->sentence-transformers>=4.0.0->-r requirements.txt (line 3))
remote:          Downloading urllib3-2.4.0-py3-none-any.whl.metadata (6.5 kB)
remote:        Collecting certifi>=2017.4.17 (from requests->huggingface-hub>=0.20.0->sentence-transformers>=4.0.0->-r requirements.txt (line 3))
remote:          Downloading certifi-2025.4.26-py3-none-any.whl.metadata (2.5 kB)
remote:        Downloading flask-3.1.0-py3-none-any.whl (102 kB)
remote:        Downloading gunicorn-23.0.0-py3-none-any.whl (85 kB)
remote:        Downloading sentence_transformers-4.1.0-py3-none-any.whl (345 kB)
remote:        Downloading scikit_learn-1.6.1-cp313-cp313-manylinux_2_17_x86_64.manylinux2014_x86_64.whl (13.2 MB)
remote:        Downloading numpy-2.2.5-cp313-cp313-manylinux_2_17_x86_64.manylinux2014_x86_64.whl (16.1 MB)
remote:        Downloading blinker-1.9.0-py3-none-any.whl (8.5 kB)
remote:        Downloading click-8.1.8-py3-none-any.whl (98 kB)
remote:        Downloading huggingface_hub-0.30.2-py3-none-any.whl (481 kB)
remote:        Downloading itsdangerous-2.2.0-py3-none-any.whl (16 kB)
remote:        Downloading jinja2-3.1.6-py3-none-any.whl (134 kB)
remote:        Downloading joblib-1.4.2-py3-none-any.whl (301 kB)
remote:        Downloading packaging-25.0-py3-none-any.whl (66 kB)
remote:        Downloading scipy-1.15.2-cp313-cp313-manylinux_2_17_x86_64.manylinux2014_x86_64.whl (37.3 MB)
remote:        Downloading threadpoolctl-3.6.0-py3-none-any.whl (18 kB)
remote:        Downloading torch-2.7.0-cp313-cp313-manylinux_2_28_x86_64.whl (865.0 MB)
remote:        Downloading nvidia_cublas_cu12-12.6.4.1-py3-none-manylinux2014_x86_64.manylinux_2_17_x86_64.whl (393.1 MB)
remote:        Downloading nvidia_cuda_cupti_cu12-12.6.80-py3-none-manylinux2014_x86_64.manylinux_2_17_x86_64.whl (8.9 MB)
remote:        Downloading nvidia_cuda_nvrtc_cu12-12.6.77-py3-none-manylinux2014_x86_64.whl (23.7 MB)
remote:        Downloading nvidia_cuda_runtime_cu12-12.6.77-py3-none-manylinux2014_x86_64.manylinux_2_17_x86_64.whl (897 kB)
remote:        Downloading nvidia_cudnn_cu12-9.5.1.17-py3-none-manylinux_2_28_x86_64.whl (571.0 MB)
remote:        Downloading nvidia_cufft_cu12-11.3.0.4-py3-none-manylinux2014_x86_64.manylinux_2_17_x86_64.whl (200.2 MB
remote:        Downloading nvidia_cufile_cu12-1.11.1.6-py3-none-manylinux2014_x86_64.manylinux_2_17_x86_64.whl (1.1 MB)
remote:        Downloading nvidia_curand_cu12-10.3.7.77-py3-none-manylinux2014_x86_64.manylinux_2_17_x86_64.whl (56.3 MB)
remote:        Downloading nvidia_cusolver_cu12-11.7.1.2-py3-none-manylinux2014_x86_64.manylinux_2_17_x86_64.whl (158.2 MB)
remote:        Downloading nvidia_cusparse_cu12-12.5.4.2-py3-none-manylinux2014_x86_64.manylinux_2_17_x86_64.whl (216.6 MB)
remote:        Downloading nvidia_cusparselt_cu12-0.6.3-py3-none-manylinux2014_x86_64.whl (156.8 MB)
remote:        Downloading nvidia_nccl_cu12-2.26.2-py3-none-manylinux2014_x86_64.manylinux_2_17_x86_64.whl (201.3 MB)
remote:        Downloading nvidia_nvjitlink_cu12-12.6.85-py3-none-manylinux2010_x86_64.manylinux_2_12_x86_64.whl (19.7 MB)
remote:        Downloading nvidia_nvtx_cu12-12.6.77-py3-none-manylinux2014_x86_64.manylinux_2_17_x86_64.whl (89 kB)
remote:        Downloading triton-3.3.0-cp313-cp313-manylinux_2_27_x86_64.manylinux_2_28_x86_64.whl (156.5 MB)
remote:        Downloading tqdm-4.67.1-py3-none-any.whl (78 kB)
remote:        Downloading transformers-4.51.3-py3-none-any.whl (10.4 MB)
remote:        Downloading typing_extensions-4.13.2-py3-none-any.whl (45 kB)
remote:        Downloading werkzeug-3.1.3-py3-none-any.whl (224 kB)
remote:        Downloading pillow-11.2.1-cp313-cp313-manylinux_2_28_x86_64.whl (4.6 MB)
remote:        Downloading fsspec-2025.3.2-py3-none-any.whl (194 kB)
remote:        Downloading MarkupSafe-3.0.2-cp313-cp313-manylinux_2_17_x86_64.manylinux2014_x86_64.whl (23 kB)
remote:        Downloading PyYAML-6.0.2-cp313-cp313-manylinux_2_17_x86_64.manylinux2014_x86_64.whl (759 kB)
remote:        Downloading regex-2024.11.6-cp313-cp313-manylinux_2_17_x86_64.manylinux2014_x86_64.whl (796 kB)
remote:        Downloading safetensors-0.5.3-cp38-abi3-manylinux_2_17_x86_64.manylinux2014_x86_64.whl (471 kB)
remote:        Downloading setuptools-80.0.0-py3-none-any.whl (1.2 MB)
remote:        Downloading sympy-1.14.0-py3-none-any.whl (6.3 MB)
remote:        Downloading tokenizers-0.21.1-cp39-abi3-manylinux_2_17_x86_64.manylinux2014_x86_64.whl (3.0 MB)
remote:        Downloading filelock-3.18.0-py3-none-any.whl (16 kB)
remote:        Downloading networkx-3.4.2-py3-none-any.whl (1.7 MB)
remote:        Downloading requests-2.32.3-py3-none-any.whl (64 kB)
remote:        Downloading certifi-2025.4.26-py3-none-any.whl (159 kB)
remote:        Downloading charset_normalizer-3.4.1-cp313-cp313-manylinux_2_17_x86_64.manylinux2014_x86_64.whl (144 kB)
remote:        Downloading idna-3.10-py3-none-any.whl (70 kB)
remote:        Downloading mpmath-1.3.0-py3-none-any.whl (536 kB)
remote:        Downloading urllib3-2.4.0-py3-none-any.whl (128 kB)
remote:        Installing collected packages: nvidia-cusparselt-cu12, mpmath, urllib3, typing_extensions, tqdm, threadpoolctl, sympy, setuptools, safetensors, regex, pyyaml, Pillow, packaging, nvidia-nvtx-cu12, nvidia-nvjitlink-cu12, nvidia-nccl-cu12, nvidia-curand-cu12, nvidia-cufile-cu12, nvidia-cuda-runtime-cu12, nvidia-cuda-nvrtc-cu12, nvidia-cuda-cupti-cu12, nvidia-cublas-cu12, numpy, networkx, MarkupSafe, joblib, itsdangerous, idna, fsspec, filelock, click, charset-normalizer, certifi, blinker, Werkzeug, triton, scipy, requests, nvidia-cusparse-cu12, nvidia-cufft-cu12, nvidia-cudnn-cu12, Jinja2, gunicorn, scikit-learn, nvidia-cusolver-cu12, huggingface-hub, flask, torch, tokenizers, transformers, sentence-transformers
remote:        Successfully installed Jinja2-3.1.6 MarkupSafe-3.0.2 Pillow-11.2.1 Werkzeug-3.1.3 blinker-1.9.0 certifi-2025.4.26 charset-normalizer-3.4.1 click-8.1.8 filelock-3.18.0 flask-3.1.0 fsspec-2025.3.2 gunicorn-23.0.0 huggingface-hub-0.30.2 idna-3.10 itsdangerous-2.2.0 joblib-1.4.2 mpmath-1.3.0 networkx-3.4.2 numpy-2.2.5 nvidia-cublas-cu12-12.6.4.1 nvidia-cuda-cupti-cu12-12.6.80 nvidia-cuda-nvrtc-cu12-12.6.77 nvidia-cuda-runtime-cu12-12.6.77 nvidia-cudnn-cu12-9.5.1.17 nvidia-cufft-cu12-11.3.0.4 nvidia-cufile-cu12-1.11.1.6 nvidia-curand-cu12-10.3.7.77 nvidia-cusolver-cu12-11.7.1.2 nvidia-cusparse-cu12-12.5.4.2 nvidia-cusparselt-cu12-0.6.3 nvidia-nccl-cu12-2.26.2 nvidia-nvjitlink-cu12-12.6.85 nvidia-nvtx-cu12-12.6.77 packaging-25.0 pyyaml-6.0.2 regex-2024.11.6 requests-2.32.3 safetensors-0.5.3 scikit-learn-1.6.1 scipy-1.15.2 sentence-transformers-4.1.0 setuptools-80.0.0 sympy-1.14.0 threadpoolctl-3.6.0 tokenizers-0.21.1 torch-2.7.0 tqdm-4.67.1 transformers-4.51.3 triton-3.3.0 typing_extensions-4.13.2 urllib3-2.4.0
remote: -----> Discovering process types
remote:        Procfile declares types -> web
remote:
remote: -----> Compressing...
remote:  !     Compiled slug size: 3G is too large (max is 500M).
remote:  !     See: http://devcenter.heroku.com/articles/slug-size
remote:
remote:  !     Push failed
remote: Verifying deploy...
remote:
remote: !       Push rejected to similarity-api-akshay8087.
remote:
To https://git.heroku.com/similarity-api-akshay8087.git
 ! [remote rejected] master -> master (pre-receive hook declined)
error: failed to push some refs to 'https://git.heroku.com/similarity-api-akshay8087.git'

D:\All Projects\Assesment>